[www.lanlink.com.br/index.html]
[backblue.gif]
[fade.gif]
[index.html]
[uploads-ssl.webflow.com/618d42f5e921288000cc555a/css/lanlink.webflow.61f8bb1a6.min.css]
[ajax.googleapis.com/ajax/libs/webfont/1.6.26/webfont.js]
[uploads-ssl.webflow.com/618d42f5e921288000cc555a/61b7772ce0d0840a3a306cdd_icon-lanlink-32.png]
[uploads-ssl.webflow.com/618d42f5e921288000cc555a/61b777280da47c684de2cf03_icon-lanlink-256.png]
[tag.goadopt.io/injector1c3b.js]
[unpkg.com/swiper@7/swiper-bundle.min.6.delayed]
[unpkg.com/swiper@7.4.1/swiper-bundle.min.css]
[www.lanlink.com.br/quem-somos.html]
[www.lanlink.com.br/compliance.html]
[www.lanlink.com.br/parceiro-lanlink.html]
[www.lanlink.com.br/conformidade-e-privacidade-lgpd.html]
[www.lanlink.com.br/solucoes/central-de-servicos.html]
[www.lanlink.com.br/solucoes/dados-ia.html]
[www.lanlink.com.br/solucoes/infraestrutura.html]
[www.lanlink.com.br/solucoes/produtividade.html]
[www.lanlink.com.br/solucoes/seguranca.html]
[www.lanlink.com.br/verticais/privado/agronegocio.html]
[www.lanlink.com.br/verticais/privado/educacao.html]
[www.lanlink.com.br/verticais/privado/energia.html]
[www.lanlink.com.br/verticais/privado/industria.html]
[www.lanlink.com.br/verticais/privado/financeiro.html]
[www.lanlink.com.br/verticais/privado/varejo.html]
[www.lanlink.com.br/verticais/publico/bancos-publicos.html]
[www.lanlink.com.br/verticais/publico/executivo-federal.html]
[www.lanlink.com.br/verticais/publico/judiciario.html]
[www.lanlink.com.br/verticais/publico/secretaria-da-fazenda.html]
[www.lanlink.com.br/cases.html]
[www.lanlink.com.br/blog.html]
[www.lanlink.com.br/contato.html]
[uploads-ssl.webflow.com/618d42f5e921288000cc555a/6390994dc437429a939a7067_GPTW Ceara 2022 (824).jpg]
[uploads-ssl.webflow.com/618d42f5e921288000cc555a/625eaf4081be18a9a90c4d3b_618d83c2e49893688e9c082f_HEAD-LANLINK2] 1.png]
[www.lanlink.com.br/solucoes/infraestrutura/solucoes-em-cloud.html]
[uploads-ssl.webflow.com/618d42f5e921288000cc555a/62fd530dd084700c3582f9bb_continuidade de negócios.jpg]
[uploads-ssl.webflow.com/618d42f5e921288000cc555a/6196dd7e0873835521c9ebcc_icon-arrow-left.png]
[uploads-ssl.webflow.com/618d42f5e921288000cc555a/6196dd7dc05f116c2fcd4de7_icon-arrow-right.png]
[uploads-ssl.webflow.com/618d42f5e921288000cc555a/625eaf3fdcf244d463bb48a5_61b7608ae8858105328494d1_SEGUNDA-DOBRA-LANLINK_02.png]
[uploads-ssl.webflow.com/618d42f5e921288000cc555a/625eaf3fc2244b6c487a5c18_6197d165882d3a6995e3fca8_dan-nelson-EhbuqJYNCRk-unsplash 1.png]
[uploads-ssl.webflow.com/618d42f5e921288000cc555a/625eaf43381226676efccde4_6197d16714e772b62b590b11_Mask Group (1).png]
[uploads-ssl.webflow.com/618d42f5e921288000cc555a/625eaf4387f056564a9d42b0_6197d163b3f54553311c3ed5_Mask Group (2).png]
[uploads-ssl.webflow.com/618d42f5e921288000cc555a/625eaf42c7dc93361f956333_6197d164113b093310e99cae_Mask Group (3).png]
[uploads-ssl.webflow.com/618d42f5e921288000cc555a/625eaf42d4f86249a5865925_6197d16523b1db7a70726753_Mask Group (4).png]
[uploads-ssl.webflow.com/61a51a6fff9085700039fcd8/61af6d00773ed381fdb749a7_6197f7f2265aac804ffd4763_logo-micrisoft.png]
[uploads-ssl.webflow.com/61a51a6fff9085700039fcd8/631787e047d7f7938c849e83_logo ibm gold partner.png]
[uploads-ssl.webflow.com/61a51a6fff9085700039fcd8/62f118390ae83f37a4474ca7_oracle-logo.png]
[uploads-ssl.webflow.com/61a51a6fff9085700039fcd8/61af6d34247383f48c1ee814_6197f7f075cc916c44f8b48a_logo lenovo.png]
[uploads-ssl.webflow.com/61a51a6fff9085700039fcd8/62cc2ec6827b658b1699334e_citrix-logo-black.png]
[uploads-ssl.webflow.com/61a51a6fff9085700039fcd8/61b7d315ef49437ce573eb1d_Symantec_logo10.svg.png]
[uploads-ssl.webflow.com/61a51a6fff9085700039fcd8/62c8730b4a8e787ef7c10f2a_vmware.png]
[uploads-ssl.webflow.com/61a51a6fff9085700039fcd8/62c8755b75e6c8034bc968eb_intel.png]
[uploads-ssl.webflow.com/61a51a6fff9085700039fcd8/61b7d2c8d64ca0ed0c72d32a_watchguard-partner-1.png]
[uploads-ssl.webflow.com/61a51a6fff9085700039fcd8/62c8757e9f2bdb4981f98f98_acrserver.jpg]
[uploads-ssl.webflow.com/61a51a6fff9085700039fcd8/62c87549c6f13b0ca70bff34_veeam.png]
[uploads-ssl.webflow.com/61a51a6fff9085700039fcd8/61b0dc85ce45ac21e53c169a_logo-huawei.png]
[uploads-ssl.webflow.com/61a51a6fff9085700039fcd8/62c875709abdbbf224ee1517_red hat.png]
[uploads-ssl.webflow.com/61a51a6fff9085700039fcd8/6303e12eac12086f207e0372_exagrid.png]
[uploads-ssl.webflow.com/61a51a6fff9085700039fcd8/6315f7f58497f019439e9599_MicrosoftTeams-image (15).png]
[uploads-ssl.webflow.com/61a51a6fff9085700039fcd8/6315fa94c9476c11a91c810f_instant solutions.png]
[uploads-ssl.webflow.com/61a51a6fff9085700039fcd8/6315fb281918861ea77421b4_logo takeblip.png]
[uploads-ssl.webflow.com/618d42f5e921288000cc555a/61a4e3c53b1a9350d392fafd_Group 134.png]
[uploads-ssl.webflow.com/618d42f5e921288000cc555a/61a4e3c51a3e9534bb77ce0f_Group 133.png]
[uploads-ssl.webflow.com/618d42f5e921288000cc555a/61a4e3c4bf51f570cb098afa_Group 128.png]
[uploads-ssl.webflow.com/618d42f5e921288000cc555a/61a4e3c47b02774b23972de6_Group 130.png]
[uploads-ssl.webflow.com/618d42f5e921288000cc555a/61a4e3c4cffe107d1cb0464d_Group 131.png]
[uploads-ssl.webflow.com/618d42f5e921288000cc555a/61a4e3c5ba25d2b881093636_Group 132.png]
[www.lanlink.com.br/cases/amaggi.html]
[uploads-ssl.webflow.com/61a51a6fff9085700039fcd8/63c1d1fc565a5b7f09d1d684_amaggi.jpg]
[uploads-ssl.webflow.com/618d42f5e921288000cc555a/6198fb94832604136794b9e6_arrow-right.png]
[www.lanlink.com.br/cases/buscando-inovacao-e-produtividade-orgao-federal-migra-para-office-365.html]
[uploads-ssl.webflow.com/61a51a6fff9085700039fcd8/63c55260ce5aa229dcf07a4c_05.jpg]
[www.lanlink.com.br/cases/instituicao-financeira.html]
[uploads-ssl.webflow.com/61a51a6fff9085700039fcd8/63c1d5052b351df940ab7843_lanlink implementa.jpg]
[www.lanlink.com.br/blog/pesquisa-operacional-para-a-tomada-de-decisoes-mais-inteligentes.html]
[uploads-ssl.webflow.com/61a51a6fff9085700039fcd8/6376377761d89513108ca281_BU BT 01 face_lkdin.jpg]
[www.lanlink.com.br/blog/continuidade-de-negocios-com-noc-e-soc.html]
[uploads-ssl.webflow.com/61a51a6fff9085700039fcd8/63655e7ca4f118db6a9fba69_MicrosoftTeams-image (13).jpg]
[www.lanlink.com.br/blog/chatbot-no-service-desk-otimizacao-do-ambiente-de-ti-e-satisfacao-do-cliente.html]
[uploads-ssl.webflow.com/61a51a6fff9085700039fcd8/634d50b3862a677881bb2dd1_Chatbots-beneficiosdaadoção.jpg]
[uploads-ssl.webflow.com/6308c8764a748eb7370f3b96/6335fa0fad4f77910c3ec593_Cláudio do Prado.png]
[uploads-ssl.webflow.com/618d42f5e921288000cc555a/63c19efec740e13895d1c140_aeris.png]
[uploads-ssl.webflow.com/618d42f5e921288000cc555a/63c1a3616eff11a609f95ef6_tjce.png]
[uploads-ssl.webflow.com/618d42f5e921288000cc555a/63c1a40f704c730c55640976_policia federal.png]
[uploads-ssl.webflow.com/618d42f5e921288000cc555a/63c1ca0be61830af9036eef4_tjse.png]
[uploads-ssl.webflow.com/618d42f5e921288000cc555a/63c1ca192b351d9c4baaaa17_dr. joe.png]
[uploads-ssl.webflow.com/618d42f5e921288000cc555a/63c1c95333a508ff35a617ea_tjrn.png]
[uploads-ssl.webflow.com/618d42f5e921288000cc555a/61af15e684f7a03f913516f0_Group 155.png]
[uploads-ssl.webflow.com/618d42f5e921288000cc555a/619be57b8f2a8c42d795103d_Mask Group (1).png]
[www.lanlink.com.br/solucoes.html]
[www.lanlink.com.br/verticais.html]
[www.lanlink.com.br/politicas-de-privacidade.html]
[d3e54v103j8qbb.cloudfront.net/js/jquery-3.5.1.min.dc5e7f18c81dc0.js]
[uploads-ssl.webflow.com/618d42f5e921288000cc555a/js/webflow.6ca74d49b.js]
[unpkg.com/swiper@7/swiper-bundle.min.5e.delayed]
[www.lanlink.com.br/index.html]
[uploads-ssl.webflow.com/618d42f5e921288000cc555a/css/lanlink.webflow.61f8bb1a6.min.css]
[unpkg.com/swiper@7.4.1/swiper-bundle.min.css]
[unpkg.com/swiper@7.4.1/swiper-bundle.min.js]
[chatwhatsapp.lanlink.com.br/static/js/2.a522d765.chunk.js]
[chatwhatsapp.lanlink.com.br/static/js/main.e21f48da.chunk.js]
[chatwhatsapp.lanlink.com.br/static/js/user-poll.html]
[uploads-ssl.webflow.com/618d42f5e921288000cc555a/61b760f9fe3528e259222d38_QUEM-SOMOS-LANLINK.png]
[uploads-ssl.webflow.com/618d42f5e921288000cc555a/619d1b7f21fceb0146fd2e6a_Group 133.png]
[uploads-ssl.webflow.com/618d42f5e921288000cc555a/619d1b7e9ecdb5854421f4c5_Group 134.png]
[uploads-ssl.webflow.com/618d42f5e921288000cc555a/619d1b7dffe3477d8c071273_Group 135.png]
[uploads-ssl.webflow.com/618d42f5e921288000cc555a/619d1b7c21fcebbc18fd2e67_Group 136.png]
[uploads-ssl.webflow.com/618d42f5e921288000cc555a/619ce88238b202c06b890ed2_pexels-fauxels-3183197 1.png]
[uploads-ssl.webflow.com/618d42f5e921288000cc555a/619cecc1ecf295de695f2a2a_Mask Group.png]
[uploads-ssl.webflow.com/618d42f5e921288000cc555a/619cef11e40cb6189aaec422_pexels-fauxels-3182796 1.png]
[uploads-ssl.webflow.com/618d42f5e921288000cc555a/61af170849371bd32160cd97_Group 156.png]
[www.lanlink.com.br/quem-somos.html]
[uploads-ssl.webflow.com/618d42f5e921288000cc555a/61b3316bbafad298a1bd209b_Captura de Tela 2021-12-10 às 07.51.41.png]
[uploads-ssl.webflow.com/618d42f5e921288000cc555a/61b3310812779c1b72d0e992_Captura de Tela 2021-12-10 às 07.49.58.png]
[uploads-ssl.webflow.com/618d42f5e921288000cc555a/61b33118d3950d572a1224cb_Captura de Tela 2021-12-10 às 07.50.13.png]
[uploads-ssl.webflow.com/618d42f5e921288000cc555a/61b3316c31c97853de55457b_Captura de Tela 2021-12-10 às 07.50.26.png]
[uploads-ssl.webflow.com/618d42f5e921288000cc555a/61b25b203d3cf8114add7626_telefone.png]
[uploads-ssl.webflow.com/618d42f5e921288000cc555a/61b25b1fa3ef1d7cdf893058_o-email (1).png]
[uploads-ssl.webflow.com/618d42f5e921288000cc555a/61b25b2170c368e476592bd7_o-email.png]
[www.lanlink.com.br/compliance.html]
[uploads-ssl.webflow.com/618d42f5e921288000cc555a/62acb0f114a9ee65b2edfccb_icon2-compressed.jpg]
[uploads-ssl.webflow.com/618d42f5e921288000cc555a/62acb109e69f701bf65be0d5_icon3-compressed.jpg]
[uploads-ssl.webflow.com/618d42f5e921288000cc555a/62acb11e2d8d810e96709dad_icon4-compressed.jpg]
[uploads-ssl.webflow.com/618d42f5e921288000cc555a/61aea2ff1da2aa4c0adea14e_FOTOS-2-SECAOSecretaria-da-Fazenda.png]
[www.lanlink.com.br/parceiro-lanlink.html]
[uploads-ssl.webflow.com/618d42f5e921288000cc555a/61aea307ada6145b93df8f67_FOTOS-2-SECAODATA-AI.png]
[uploads-ssl.webflow.com/618d42f5e921288000cc555a/63174621c0bf470ddb14eb54_Icones-Lanlink-Politica-de-Privacidade.png]
[www.lanlink.com.br/termos-de-uso.html]
[uploads-ssl.webflow.com/618d42f5e921288000cc555a/631746221fdc4e53aee04f22_Icones-Lanlink-Termos-de-Uso.png]
[www.lanlink.com.br/politica-de-cookies.html]
[uploads-ssl.webflow.com/618d42f5e921288000cc555a/63174629d53f0e73c8d8ae2d_Icones-Lanlink-Política-de-Cookies.png]
[www.lanlink.com.br/conformidade-e-privacidade-lgpd.html]
[uploads-ssl.webflow.com/618d42f5e921288000cc555a/61aea2f99cbf99b9523c82b8_FOTOS-2-SECAOSuporte-a-Ti.png]
[uploads-ssl.webflow.com/618d42f5e921288000cc555a/63174629a3a738baaae88b86_Icones-Lanlink-Contratos.png]
[uploads-ssl.webflow.com/618d42f5e921288000cc555a/63174622bf708f44460d7256_Icones-Lanlink-Serviços.png]
[uploads-ssl.webflow.com/618d42f5e921288000cc555a/63174629c0a56603a1944a41_Icones-Lanlink-Chamadas.png]
[www.lanlink.com.br/blog/service-desk-e-as-tendencias-para-o-futuro.html]
[uploads-ssl.webflow.com/61a51a6fff9085700039fcd8/633606b20152d97665edbcba_MicrosoftTeams-image (1).jpg]
[www.lanlink.com.br/blog/service-desk-e-seguro.html]
[uploads-ssl.webflow.com/61a51a6fff9085700039fcd8/620ba936409d4c3088002232_Prancheta-1-1-1024x469.png]
[uploads-ssl.webflow.com/61a51a6fff9085700039fcd8/63c1d4f87dadc78a2ddd9b70_empresa distribuidora.jpg]
[www.lanlink.com.br/cases/empresa-distribuidora-de-gas-natural.html]
[www.lanlink.com.br/solucoes/central-de-servicos.html]
[uploads-ssl.webflow.com/618d42f5e921288000cc555a/61aea30c6626741b4634db85_Rectangle 41-5.png]
[uploads-ssl.webflow.com/618d42f5e921288000cc555a/61aea30c2a2ca740b21754f1_Rectangle 41-4.png]
[uploads-ssl.webflow.com/618d42f5e921288000cc555a/61a0e9bb3a8061b37a2860d1_FOTO - FINANCEIRO.jpg]
[uploads-ssl.webflow.com/618d42f5e921288000cc555a/61aea30c49371b822c5de85d_Rectangle 41.png]
[uploads-ssl.webflow.com/618d42f5e921288000cc555a/619ff90ada6ae429725e3795_FOTO - DATA IA.jpg]
[uploads-ssl.webflow.com/61a51a6fff9085700039fcd8/63c1d3a3c00b8861afe50f19_aeris.jpg]
[www.lanlink.com.br/cases/aeris.html]
[www.lanlink.com.br/blog/tomada-de-decisao-sob-incerteza-tambem-e-analytics-2.html]
[uploads-ssl.webflow.com/61a51a6fff9085700039fcd8/61dc2d13b90e2c23d4308a50_linkedin.png]
[www.lanlink.com.br/blog/o-que-faz-um-escritorio-de-ciencia-de-dados.html]
[uploads-ssl.webflow.com/61a51a6fff9085700039fcd8/6329cc5a276748561028411d_escritório de dados.jpg]
[www.lanlink.com.br/blog/devops-coordenacao-e-colaboracao-para-gerar-produtos-melhores-e-entregar-mais-valor-ao-cliente.html]
[uploads-ssl.webflow.com/61a51a6fff9085700039fcd8/620bc2ced044fb547c47bfb2_adults-analysis-brainstorming-1661004-e1565371535343.jpg]
[www.lanlink.com.br/solucoes/dados-ia.html]
[uploads-ssl.webflow.com/618d42f5e921288000cc555a/61aea3081773ef116d57a857_FOTOS-2-SECAODisponibilidade.png]
[www.lanlink.com.br/solucoes/infraestrutura/continuidade-dos-negocios.html]
[www.lanlink.com.br/solucoes/infraestrutura/datacenter-moderno.html]
[www.lanlink.com.br/solucoes/infraestrutura/hardware-como-servico.html]
[www.lanlink.com.br/solucoes/infraestrutura/infraestrutura-hibrida.html]
[uploads-ssl.webflow.com/618d42f5e921288000cc555a/61a0e5032d7adac157766411_FOTO - SUPORTE A TI.jpg]
[www.lanlink.com.br/blog/multicloud-4-motivos-para-adotar-essa-estrategia.html]
[uploads-ssl.webflow.com/61a51a6fff9085700039fcd8/6356ebf190197b00066dc946_estrategias multicloud.png]
[www.lanlink.com.br/blog/cloud-ou-on-premises-defina-o-modelo-certo-para-o-seu-negocio.html]
[uploads-ssl.webflow.com/61a51a6fff9085700039fcd8/6308bb745492267d874bff32_cloud ou on-premise.jpg]
[www.lanlink.com.br/blog/defina-agora-a-sua-estrategia-de-migracoes-para-nuvem.html]
[uploads-ssl.webflow.com/61a51a6fff9085700039fcd8/63036b15af00297bea6bb478_CDP 01 face_lkdin.jpg]
[www.lanlink.com.br/solucoes/infraestrutura.html]
[uploads-ssl.webflow.com/618d42f5e921288000cc555a/61aea2ffe21f63830dc0aa07_FOTOS-2-SECAOProdutividade.png]
[uploads-ssl.webflow.com/618d42f5e921288000cc555a/61aea499adf0a5bec282848b_Rectangle 41-1-seguranca02.png]
[uploads-ssl.webflow.com/618d42f5e921288000cc555a/61aea30b40d53646f326bb7c_Rectangle 41-3.png]
[uploads-ssl.webflow.com/61a51a6fff9085700039fcd8/63c1d38d3e58635c184f33f9_unimed.jpg]
[www.lanlink.com.br/cases/unimed.html]
[uploads-ssl.webflow.com/61a51a6fff9085700039fcd8/63c1d3b1ec759a22c7c976e3_mdias.jpg]
[www.lanlink.com.br/cases/mdias-branco.html]
[www.lanlink.com.br/blog/produtividade-colaboracao-novo-milenio.html]
[uploads-ssl.webflow.com/61a51a6fff9085700039fcd8/620bb31ca181e74cc4bd884e_Capa-blogpost.jpg]
[www.lanlink.com.br/blog/os-beneficios-de-produtividade-na-nuvem.html]
[uploads-ssl.webflow.com/61a51a6fff9085700039fcd8/637238907700abb05ef16b1c_Beneficios de produtividade na nuvem.jpg]
[www.lanlink.com.br/blog/estrategia-bi-negocio.html]
[uploads-ssl.webflow.com/61a51a6fff9085700039fcd8/620bb192c01bbd615050c9bf_Capa_-_blogpost.jpg]
[www.lanlink.com.br/solucoes/produtividade.html]
[uploads-ssl.webflow.com/618d42f5e921288000cc555a/619d4832195d5ca105b9ad3d_Group 142.png]
[uploads-ssl.webflow.com/618d42f5e921288000cc555a/619fa2d52061cdb1c9596305_Group 129 (5).png]
[uploads-ssl.webflow.com/618d42f5e921288000cc555a/619fa2d22061cd658a5962ff_Group 129 (4).png]
[uploads-ssl.webflow.com/618d42f5e921288000cc555a/619fa2d2afe49cd2a2ebd8fb_Group 129 (3).png]
[uploads-ssl.webflow.com/618d42f5e921288000cc555a/619d501e9abcd14ac3d2e3f5_Group 148.png]
[www.lanlink.com.br/blog/a-importancia-do-ciclo-de-vida-da-informacao-para-combate-de-ataques-de-ransomware.html]
[uploads-ssl.webflow.com/61a51a6fff9085700039fcd8/63bc5c6a4eed0f32e4e86353_ransomware.jpg]
[www.lanlink.com.br/blog/adequacao-a-lgpd-adote-alguns-recursos-praticos.html]
[uploads-ssl.webflow.com/61a51a6fff9085700039fcd8/620bc3b5f1de868271f21c26_terceiro-passo-infraestrutura-inteligencia-artificial-e1556887964742-1024x678-1.jpg]
[www.lanlink.com.br/blog/internet-segura-privacidade.html]
[uploads-ssl.webflow.com/61a51a6fff9085700039fcd8/620bb6ef1d26e75a11ea8948_capa-blogpost.jpg]
[www.lanlink.com.br/solucoes/seguranca.html]
[uploads-ssl.webflow.com/618d42f5e921288000cc555a/61aea3092a2ca773801754ba_FOTOS-2-SECAOAgronegocio.png]
[uploads-ssl.webflow.com/618d42f5e921288000cc555a/61aea4f8ba90ffc83b3ee9ac_Rectangle 41-1-seguranca03.png]
[www.lanlink.com.br/verticais/privado/agronegocio.html]
[uploads-ssl.webflow.com/618d42f5e921288000cc555a/61aea3076f460a52ae94634d_FOTOS-2-SECAOEducação.png]
[www.lanlink.com.br/verticais/privado/educacao.html]
[uploads-ssl.webflow.com/618d42f5e921288000cc555a/61aea306adf0a5438e827a3f_FOTOS-2-SECAOEnergia.png]
[www.lanlink.com.br/verticais/privado/energia.html]
[uploads-ssl.webflow.com/618d42f5e921288000cc555a/61aea3031773ef615b57a821_FOTOS-2-SECAOIndústria.png]
[uploads-ssl.webflow.com/61a51a6fff9085700039fcd8/63c1d382a70da17f82773ade_elizabeth.jpg]
[www.lanlink.com.br/cases/grupo-elizabeth.html]
[www.lanlink.com.br/verticais/privado/industria.html]
[uploads-ssl.webflow.com/618d42f5e921288000cc555a/61aea3026f460a1f6a946348_FOTOS-2-SECAOFinanceiro.png]
[uploads-ssl.webflow.com/618d42f5e921288000cc555a/61a0e1ba07e6e5e5f50e4e83_FOTO - PRODUTIVIDADE (1) (1) (1)-compressed.jpg]
[uploads-ssl.webflow.com/618d42f5e921288000cc555a/61aea30bec56b0b17a482b53_Rectangle 41-2.png]
[www.lanlink.com.br/verticais/privado/financeiro.html]
[uploads-ssl.webflow.com/618d42f5e921288000cc555a/61aea2fe6f460a90f6946347_FOTOS-2-SECAOVarejo.png]
[www.lanlink.com.br/verticais/privado/varejo.html]
[uploads-ssl.webflow.com/618d42f5e921288000cc555a/61aea30872be901c0858a54a_FOTOS-2-SECAOBancos.png]
[uploads-ssl.webflow.com/61a51a6fff9085700039fcd8/63c1d4dfe6183089e837b3e6_instituição financeira.jpg]
[www.lanlink.com.br/cases/instituicao-financeira-do-nordeste.html]
[uploads-ssl.webflow.com/61a51a6fff9085700039fcd8/63c1d378a70da10f26773a4f_bnb.jpg]
[www.lanlink.com.br/cases/banco-do-nordeste-do-brasil.html]
[www.lanlink.com.br/verticais/publico/bancos-publicos.html]
[uploads-ssl.webflow.com/618d42f5e921288000cc555a/61aea30449371b6c395de79c_FOTOS-2-SECAOExecutivo-Federal.png]
[www.lanlink.com.br/verticais/publico/executivo-federal.html]
[uploads-ssl.webflow.com/618d42f5e921288000cc555a/61aea300dab3cd5fbf58224d_FOTOS-2-SECAOJudiciário.png]
[www.lanlink.com.br/verticais/publico/judiciario.html]
[www.lanlink.com.br/verticais/publico/secretaria-da-fazenda.html]
[www.lanlink.com.br/cases.html]
[cdn.jsdelivr.net/npm/@finsweet/attributes-cmsfilter@1/cmsfilter.js]
[www.lanlink.com.br/blog/minas-da-ti-os-desafios-e-a-ascensao-das-mulheres-no-mercado-da-tecnologia.html]
[uploads-ssl.webflow.com/61a51a6fff9085700039fcd8/6357cf206e79fc4a76e2f497_mulher na TI.jpg]
[www.lanlink.com.br/blog/pessoas-trans-no-mercado-da-tecnologia-uma-luta-por-inclusao.html]
[uploads-ssl.webflow.com/61a51a6fff9085700039fcd8/61f4273db872a70caf49de20_3.png]
[www.lanlink.com.br/blog/governanca-de-dados-novos-caminhos-para-elevar-as-organizacoes.html]
[uploads-ssl.webflow.com/61a51a6fff9085700039fcd8/61cde58a8d36f13e93b834db_MicrosoftTeams-image (3).jpg]
[www.lanlink.com.br/blog/4-coisas-que-provavelmente-voce-nao-sabe-sobre-o-backup-em-fita-magnetica.html]
[uploads-ssl.webflow.com/61a51a6fff9085700039fcd8/61b35a25d297dec5a24253be_Blog_Lanlink_TAPE-STORAGE-10.jpg]
[www.lanlink.com.br/blog/protecao-de-dados-2-opcoes-para-um-armazenamento-seguro-e-longe-do-alcance-de-hackers.html]
[uploads-ssl.webflow.com/61a51a6fff9085700039fcd8/61b35bfeff32eeb7b6c00d44_Blog_TAPE-STORAGE_9.jpg]
[www.lanlink.com.br/blog/a-inteligencia-artificial-tem-fome-de-cpu-e-gpu-como-resolver.html]
[uploads-ssl.webflow.com/61a51a6fff9085700039fcd8/61b3641c19a1e77f84345552_Blog_Lanlink_IA.jpg]
[www.lanlink.com.br/blog/conheca-o-processador-power10-que-esta-chegando-ao-mercado.html]
[uploads-ssl.webflow.com/61a51a6fff9085700039fcd8/61b35cae333a017fa0942be1_Blog_power-system_8 (1).jpg]
[www.lanlink.com.br/blog/a-inteligencia-artificial-tem-fome-de-cpu-e-gpu-como-resolver-2.html]
[uploads-ssl.webflow.com/61a51a6fff9085700039fcd8/620bcf1f17a02829b6734d71_img-blog-Power-Systems-1.jpg]
[www.lanlink.com.br/blog/arquitetura-power-systems-segura.html]
[uploads-ssl.webflow.com/61a51a6fff9085700039fcd8/63bc501d121a41bbea7b01f5_power system.png]
[www.lanlink.com.br/blog/servidor-para-ambiente-multicloud.html]
[uploads-ssl.webflow.com/61a51a6fff9085700039fcd8/637242aa9ba56fcf5ee85460_servidor-para-ambiente-multicloud.jpg]
[www.lanlink.com.br/blog/gestao-de-custos-na-migracao-para-a-nuvem.html]
[uploads-ssl.webflow.com/61a51a6fff9085700039fcd8/63723c86c3868a42bbb18b0d_gestao-de-custos-na-migracao-para-a-nuvem.jpg]
[www.lanlink.com.br/blog/backup-em-disco-nuvem-ou-fita.html]
[uploads-ssl.webflow.com/61a51a6fff9085700039fcd8/620bcdc25030e7b485fff8e4_img-blog.jpg]
[www.lanlink.com.br/blog/inovacoes-em-tape-storage.html]
[uploads-ssl.webflow.com/61a51a6fff9085700039fcd8/63bc550fc51cd448af29c64d_tape storage.jpg]
[www.lanlink.com.br/blog/8-vantagens-que-colocam-as-fitas-entre-as-melhores-opcoes-de-armazenamento.html]
[uploads-ssl.webflow.com/61a51a6fff9085700039fcd8/620bc43f92a068bee1031e10_imagem-apoio-interna-1.jpg]
[www.lanlink.com.br/blog/as-fitas-de-armazenamento-estao-em-alta-como-peca-fundamental-na-estrategia-contra-hackers.html]
[uploads-ssl.webflow.com/61a51a6fff9085700039fcd8/620bc412797cb8a402a12379_imagem-apoio-interna.jpg]
[www.lanlink.com.br/blog/data-analytics-vantagens.html]
[uploads-ssl.webflow.com/61a51a6fff9085700039fcd8/620bc199a181e713b1be08c5_pexels-burak-k-187041-scaled.jpg]
[www.lanlink.com.br/blog/inteligencia-artificial-e-sua-aplicacao-nos-negocios.html]
[uploads-ssl.webflow.com/61a51a6fff9085700039fcd8/620bc12e651b54c6ed99771c_adults-analysis-brainstorming-1661004-e1565371535343-1024x559.jpg]
[www.lanlink.com.br/blog/big-data-os-dados-para-transformar-o-seu-negocio.html]
[uploads-ssl.webflow.com/61a51a6fff9085700039fcd8/63bc63178bdec5d28af2fb2e_big data.jpg]
[www.lanlink.com.br/blog/inovando-os-negocios-com-o-uso-de-smart-applications.html]
[uploads-ssl.webflow.com/61a51a6fff9085700039fcd8/620bbcd1dd7b171681c0a63b_segundo-passo-da-sua-jornada-digital-com-IA-e1556887299613-1024x665-1.jpg]
[www.lanlink.com.br/blog/hybrid-cloud-a-adocao-cresce-dia-apos-dia.html]
[uploads-ssl.webflow.com/61a51a6fff9085700039fcd8/620bbc9317ca69de16b22daa_Lanlink_9a-quinzena_Capa_Blog.jpg]
[www.lanlink.com.br/blog/4-tendencias-de-armazenamento-de-dados-para-2021.html]
[uploads-ssl.webflow.com/61a51a6fff9085700039fcd8/620bbc56ea95577ef2458916_Lanlink_8a-quinzena_Capa_Blog-1024x469.jpg]
[www.lanlink.com.br/blog/as-licoes-tiradas-de-um-ataque-de-hackers.html]
[uploads-ssl.webflow.com/61a51a6fff9085700039fcd8/620bbbebb754d32e3648a944_Lanlink_7a-quinzena_Capa_Blog.jpg]
[www.lanlink.com.br/blog/automacao-no-varejo-e-na-seguranca-mais-negocios-menos-riscos.html]
[uploads-ssl.webflow.com/61a51a6fff9085700039fcd8/620bbbb347f33ef14e7bf68c_CAPA_automacao_Varejo.jpg]
[www.lanlink.com.br/blog/confira-3-casos-de-uso-da-visao-computacional-em-inspecao-de-qualidade.html]
[uploads-ssl.webflow.com/61a51a6fff9085700039fcd8/620bbb7d651b5484c69937d1_CAPA_VISAO-COMPUTACIONAL-5a_2.jpg]
[www.lanlink.com.br/blog/o-que-a-lanlink-pode-fazer-para-ajuda-lo-a-implantar-a-visao-computacional.html]
[uploads-ssl.webflow.com/61a51a6fff9085700039fcd8/620bbb11085d6edc8257270a_CAPA_VISAO-COMPUTACIONAL-4a-1024x469.jpg]
[www.lanlink.com.br/blog/como-a-visao-computacional-funciona.html]
[uploads-ssl.webflow.com/61a51a6fff9085700039fcd8/63bc673c33fd7c7a6843246b_visão computacional.png]
[www.lanlink.com.br/blog/visao-computacional-coloque-o-olho-de-uma-camera-para-fazer-a-inspecao-de-qualidade.html]
[uploads-ssl.webflow.com/61a51a6fff9085700039fcd8/620bbad224058a5b63d10a82_CAPA_2_VISAO-COMPUTACIONAL-300x138.jpg]
[www.lanlink.com.br/blog/como-a-visao-computacional-pode-impactar-negocios.html]
[uploads-ssl.webflow.com/61a51a6fff9085700039fcd8/620bba6d150b8e320f760785_CAPA_VISAO-cOMPUTACIONAL-1024x469.jpg]
[www.lanlink.com.br/blog/o-que-e-rpa-e-como-implementar-em-sua-empresa.html]
[uploads-ssl.webflow.com/61a51a6fff9085700039fcd8/620bb96675e6a564d9c16a09_262604-saiba-aumentar-a-produtividade-na-empresa-com-automacao-de-processos-706x471-1.jpg]
[www.lanlink.com.br/blog/futuro-deep-machine-learning.html]
[uploads-ssl.webflow.com/61a51a6fff9085700039fcd8/620bb9f62ee80d2858cd0453_machine-learning-e1559752134284-1024x509.jpg]
[www.lanlink.com.br/blog/4-passos-jornada-digital-ia.html]
[uploads-ssl.webflow.com/61a51a6fff9085700039fcd8/620bb89d6e8231b432f19335_4-passos-jornada-digital-inteligencia-artificial-1-e1556630172170-1024x576.jpg]
[www.lanlink.com.br/blog/solucoes-cognitivas-transformar-negocio.html]
[uploads-ssl.webflow.com/61a51a6fff9085700039fcd8/620bb7a024058a187ed0cbd7_Design-sem-nome1-1024x469.jpg]
[www.lanlink.com.br/blog/inovacao-certificacoes-iso.html]
[uploads-ssl.webflow.com/61a51a6fff9085700039fcd8/620bb50930fdceb839a362fb_pexels-photo-355952.jpg]
[www.lanlink.com.br/blog/trofeu-hdi-nne-2018-vencemos.html]
[uploads-ssl.webflow.com/61a51a6fff9085700039fcd8/620bb4937000369cb9afccee_Design-sem-nome.jpg]
[www.lanlink.com.br/blog/lanlink-gptw-2018.html]
[uploads-ssl.webflow.com/61a51a6fff9085700039fcd8/620bb393085d6eafb356dd13_capa-do-blog-post-1920-x-880-1.jpg]
[www.lanlink.com.br/blog/gestao-de-ativos-de-software.html]
[uploads-ssl.webflow.com/61a51a6fff9085700039fcd8/620bb3ebaeed0eb996362a0f_pexels-photo-1124062-1024x469.jpg]
[www.lanlink.com.br/blog/certificacao-gptw-2018.html]
[www.lanlink.com.br/blog/zero-day-3-ataques.html]
[uploads-ssl.webflow.com/61a51a6fff9085700039fcd8/6333375b6329c8e944f2b915_ZERO-DAY_Prancheta 1.jpg]
[www.lanlink.com.br/blog/mulheres-importantes-historia-tecnologia.html]
[uploads-ssl.webflow.com/61a51a6fff9085700039fcd8/620bb2b9700036811cafabda_Hedy-capa-1024x469.png]
[www.lanlink.com.br/blog/tres-licoes-trabalho-moderno.html]
[uploads-ssl.webflow.com/61a51a6fff9085700039fcd8/620bae3892a06885f7023a75_Capa-blogpost-1024x469.png]
[www.lanlink.com.br/blog/compatibilidade-solucoes-importante.html]
[uploads-ssl.webflow.com/61a51a6fff9085700039fcd8/620bb22cb7295f5c27409fb6_Capa-1024x469.jpg]
[www.lanlink.com.br/blog/customer-success-empoderamento-do-cliente.html]
[uploads-ssl.webflow.com/61a51a6fff9085700039fcd8/620baa967e6991a07488294f_capa-1024x469.png]
[www.lanlink.com.br/blog/conheca-mais-sobre-meltdown-e-spectre.html]
[uploads-ssl.webflow.com/61a51a6fff9085700039fcd8/63332f734ceeae5d78834276_Meltdown e Spectre.jpg]
[www.lanlink.com.br/blog/cloudwedo-nuvem-negocio.html]
[uploads-ssl.webflow.com/61a51a6fff9085700039fcd8/620baefdeed9ae5577210c54_Capa-blogpost.png]
[www.lanlink.com.br/blog/comunicacao-empresa-produtividade.html]
[uploads-ssl.webflow.com/61a51a6fff9085700039fcd8/620bae9828df11ce93e19602_capa-1024x469.png]
[www.lanlink.com.br/blog/as-diferencas-entre-virtualizacao-e-nuvem-privada.html]
[uploads-ssl.webflow.com/61a51a6fff9085700039fcd8/620ba9b87e6991597b882203_foto-min-1024x469.jpg]
[www.lanlink.com.br/blog/nuvem-hibrida-jornada.html]
[uploads-ssl.webflow.com/61a51a6fff9085700039fcd8/633336489f0b897da40cdb94_Nuvem Hibrida_Prancheta 1.jpg]
[www.lanlink.com.br/blog/redes-de-proxima-geracao-negocio.html]
[uploads-ssl.webflow.com/61a51a6fff9085700039fcd8/620bad14409d4c1ea3004758_capa-blog-1-1024x469.png]
[www.lanlink.com.br/blog/compliance-iso-19600.html]
[uploads-ssl.webflow.com/61a51a6fff9085700039fcd8/620bade1e69382628a8b6ad7_capa-blogpost-1024x469.png]
[www.lanlink.com.br/blog/microsoft-linguagem-computacao-quantica.html]
[uploads-ssl.webflow.com/61a51a6fff9085700039fcd8/620bacdd05494e868a371860_capa-blog-1024x469.png]
[www.lanlink.com.br/blog/microsoft-azure-stack-nuvem.html]
[uploads-ssl.webflow.com/61a51a6fff9085700039fcd8/620bac5caeed0e61fe35dcf4_capa-3-1024x469.png]
[www.lanlink.com.br/blog/as-15-previsoes-de-bill-gates-de-1999.html]
[uploads-ssl.webflow.com/61a51a6fff9085700039fcd8/620bac13f1de86aff8f14d3b_capa-2-1024x469.png]
[www.lanlink.com.br/blog/furacao-irma-tic-organizacao.html]
[uploads-ssl.webflow.com/61a51a6fff9085700039fcd8/620babcaa4e50cc4254b2aeb_capa-1-1024x469.png]
[www.lanlink.com.br/blog/eficiencia-negocio-solucoes-saas.html]
[www.lanlink.com.br/blog/tudo-sobre-paas.html]
[uploads-ssl.webflow.com/61a51a6fff9085700039fcd8/620ba8d875e6a514a6c0d5c5_paas-1024x475.png]
[www.lanlink.com.br/blog/certificacao-gptw.html]
[uploads-ssl.webflow.com/61a51a6fff9085700039fcd8/620ba875baf977ab7b1594cd_wat-min-1024x475.png]
[www.lanlink.com.br/blog/humanizam-robos-service-desk.html]
[uploads-ssl.webflow.com/61a51a6fff9085700039fcd8/620ba8188ef2a9378ca4496a_alex-knight-199368-e1502739237788-1024x468.jpg]
[www.lanlink.com.br/blog/gamificacao-como-funciona.html]
[uploads-ssl.webflow.com/61a51a6fff9085700039fcd8/620ba7cfaeed0e32f135a7fe_1.jpg]
[www.lanlink.com.br/blog/4p-kotler-place-interacao-service-desk.html]
[uploads-ssl.webflow.com/61a51a6fff9085700039fcd8/620ba7775f4e49a9a59a3f44_shutterstock_51265579-e1501510479546-1024x468.jpg]
[www.lanlink.com.br/blog/espiritualidade-nas-organizacoes.html]
[uploads-ssl.webflow.com/61a51a6fff9085700039fcd8/620ba707a8f922828368da28_bp25-1024x468.jpg]
[www.lanlink.com.br/blog/tudo-engenharia-social.html]
[uploads-ssl.webflow.com/61a51a6fff9085700039fcd8/620ba6ca7e699158c08808f3_bp24.jpg]
[www.lanlink.com.br/blog/gestao-do-conhecimento-inovacao.html]
[uploads-ssl.webflow.com/61a51a6fff9085700039fcd8/620ba6b1b3aa7d68d4bbef69_bp23-1024x468.jpg]
[www.lanlink.com.br/blog/ransomware-praga-proteja-se-tarde.html]
[uploads-ssl.webflow.com/61a51a6fff9085700039fcd8/620ba6397000361510af2dec_bp22-1024x522.jpg]
[www.lanlink.com.br/blog/conferencia-hdi-brasil-2017-presenca.html]
[uploads-ssl.webflow.com/61a51a6fff9085700039fcd8/620ba5506a8073aaa581d740_bp17-1024x469.jpg]
[www.lanlink.com.br/blog/flashwedo-atendimento-rapido.html]
[uploads-ssl.webflow.com/61a51a6fff9085700039fcd8/620ba5d4750e4982a4352227_bp20-1024x468.jpg]
[www.lanlink.com.br/blog/lanlink-compliance.html]
[uploads-ssl.webflow.com/61a51a6fff9085700039fcd8/620ba5beb3aa7d0ccfbbe6da_bp19-1024x468.jpg]
[www.lanlink.com.br/blog/lanlink-great-place-to-work.html]
[uploads-ssl.webflow.com/61a51a6fff9085700039fcd8/620ba56eea95574867448bd3_bp18-1024x468.jpg]
[www.lanlink.com.br/blog/trofeu-hdi-2017.html]
[www.lanlink.com.br/blog/inteligencia-artificial-transformacao-digital.html]
[uploads-ssl.webflow.com/61a51a6fff9085700039fcd8/620ba525d9f0374f9091c59e_wall-e-1024x468.jpg]
[www.lanlink.com.br/blog/smart-cities.html]
[uploads-ssl.webflow.com/61a51a6fff9085700039fcd8/620ba4996a8073fc8e81d1df_bp16-1024x468.jpg]
[www.lanlink.com.br/blog/grupo-lanlink-cio-meeting-2017.html]
[uploads-ssl.webflow.com/61a51a6fff9085700039fcd8/620ba47fe3411d5be5425c30_bp15-1024x468.jpg]
[www.lanlink.com.br/blog/produtividade-na-nuvem.html]
[uploads-ssl.webflow.com/61a51a6fff9085700039fcd8/620ba429ad25c229a3a70e54_bp21-1024x469.jpg]
[www.lanlink.com.br/blog/nuvem-certa-seu-negocio.html]
[uploads-ssl.webflow.com/61a51a6fff9085700039fcd8/620ba3d67bc36d99cc106460_bp13-1024x468.jpg]
[www.lanlink.com.br/blog/o-que-e-nuvem-vantagens.html]
[uploads-ssl.webflow.com/61a51a6fff9085700039fcd8/620ba3b100a622838e1fb985_bp12-1024x468.jpg]
[www.lanlink.com.br/blog/lanlink-lanca-plataforma-para-facilitar-adocao-da-nuvem.html]
[uploads-ssl.webflow.com/61a51a6fff9085700039fcd8/620ba30c842a61f5beb155be_bp11-1024x469.jpg]
[www.lanlink.com.br/blog/nova-lei-da-terceirizacao-e-seus-impactos-para-empresas-de-tecnologia.html]
[uploads-ssl.webflow.com/61a51a6fff9085700039fcd8/620ba35b24058ac6f4d00d65_bp10-1024x469.jpg]
[www.lanlink.com.br/blog/lanlink-marcou-presenca-no-evento-anual-da-abep.html]
[uploads-ssl.webflow.com/61a51a6fff9085700039fcd8/620ba2c9750e49b139350e23_bp9-1024x468.jpg]
[www.lanlink.com.br/blog/trust-control-recebe-premio-de-maior-canal-de-vendas-no-brasil.html]
[uploads-ssl.webflow.com/61a51a6fff9085700039fcd8/620ba27517ca69568ab12599_bp8-1024x469.jpg]
[www.lanlink.com.br/blog/servidores-da-amazon-caem-e-afetam-a-internet-no-mundo-inteiro.html]
[uploads-ssl.webflow.com/61a51a6fff9085700039fcd8/620ba25a3333fc194a859ab3_bp7-1024x469.jpg]
[www.lanlink.com.br/blog/como-arquitetar-um-futuro-cognitivo-para-a-empresa.html]
[uploads-ssl.webflow.com/61a51a6fff9085700039fcd8/620ba057c13f7c23e528d67a_bp6-1024x469.jpg]
[www.lanlink.com.br/blog/lanlink-cria-rede-social-corporativa-nos-para-conectar-todos-os-seus-colaboradores.html]
[uploads-ssl.webflow.com/61a51a6fff9085700039fcd8/620ba1e15f4e49daa99a1380_bp5-1024x469.jpg]
[www.lanlink.com.br/blog/ibm-divulga-5-tendencias-tecnologicas-que-irao-impactar-os-proximos-5-anos.html]
[uploads-ssl.webflow.com/61a51a6fff9085700039fcd8/620ba0d271673791088d5e47_bp4-1024x469.jpg]
[www.lanlink.com.br/blog/lanlink-comemora-28-anos-celebrando-o-sucesso-com-todos-os-clientes-e-colaboradores.html]
[uploads-ssl.webflow.com/61a51a6fff9085700039fcd8/620ba1462e2b479b405ca548_bp3-300x137.jpg]
[www.lanlink.com.br/blog.html]
[www.lanlink.com.br/contato.html]
[www.lanlink.com.br/solucoes/infraestrutura/solucoes-em-cloud.html]
[uploads-ssl.webflow.com/61a51a6fff9085700039fcd8/63beccad0aae54f72e976fd5_Amaggi-oracle-Lanlink.jpg]
[www.lanlink.com.br/cases/amaggi.html]
[www.lanlink.com.br/cases/buscando-inovacao-e-produtividade-orgao-federal-migra-para-office-365.html]
[www.lanlink.com.br/cases/instituicao-financeira.html]
[uploads-ssl.webflow.com/61a51a6fff9085700039fcd8/637634d845b57f6074127d6a_tomadadedecisão.jpg]
[uploads-ssl.webflow.com/61a51a6fff9085700039fcd8/637635fa0567797c86be3a1f_tomador de decisão.jpg]
[uploads-ssl.webflow.com/61a51a6fff9085700039fcd8/637636cfd30a640c291d06fa_tabela pesquisa operacional.png]
[uploads-ssl.webflow.com/61a51a6fff9085700039fcd8/637637396bacf321555215d2_Pesquisaoperacional-tomada de decisão.jpg]
[www.lanlink.com.br/blog/pesquisa-operacional-para-a-tomada-de-decisoes-mais-inteligentes.html]
[uploads-ssl.webflow.com/61a51a6fff9085700039fcd8/636537b9a449ad6e7a1728c1_pexels-yan-krukov-8867190.jpg]
[uploads-ssl.webflow.com/61a51a6fff9085700039fcd8/6365373e813e61a156cc410a_pexels-yan-krukov-8867382.jpg]
[uploads-ssl.webflow.com/61a51a6fff9085700039fcd8/6365387bb1ea6b5ab69817b0_monitoramento (6).jpg]
[www.lanlink.com.br/blog/continuidade-de-negocios-com-noc-e-soc.html]
[uploads-ssl.webflow.com/61a51a6fff9085700039fcd8/6356e725d1fbbc03cd13539c_atendimento ao cliente.jpg]
[uploads-ssl.webflow.com/61a51a6fff9085700039fcd8/6356e7e27d581d6468fb1ec0_machine learning para chatbots.jpg]
[uploads-ssl.webflow.com/61a51a6fff9085700039fcd8/6356e85df4e03c120405b8d5_beneficios do chatbot para atendimento.jpg]
[www.lanlink.com.br/blog/chatbot-no-service-desk-otimizacao-do-ambiente-de-ti-e-satisfacao-do-cliente.html]
[www.lanlink.com.br/solucoes.html]
[www.lanlink.com.br/verticais.html]
[www.lanlink.com.br/politicas-de-privacidade.html]
[chatwhatsapp.lanlink.com.br/static/media/flags.9c74e172.png]
[chatwhatsapp.lanlink.com.br/static/css/2.e3d9c4ad.chunk.css]
[chatwhatsapp.lanlink.com.br/static/css/main.458a2b9b.chunk.css]
[www.lanlink.com.br/termos-de-uso.html]
[www.lanlink.com.br/politica-de-cookies.html]
[uploads-ssl.webflow.com/61a51a6fff9085700039fcd8/6345c495b67061c89dad7fcf_help desk ou service desk.png]
[uploads-ssl.webflow.com/61a51a6fff9085700039fcd8/6345c54c832a9c6048550250_atendimento ao cliente service desk.png]
[uploads-ssl.webflow.com/61a51a6fff9085700039fcd8/6345c59bdcfdca636c472f3f_chatbot machine learning.png]
[uploads-ssl.webflow.com/61a51a6fff9085700039fcd8/6345c62cb670617dd3ad92fb_boas praticas de atendimento.png]
[uploads-ssl.webflow.com/61a51a6fff9085700039fcd8/6345c664c861214e8a34a082_base de conhecimento service desk.png]
[www.lanlink.com.br/blog/service-desk-e-as-tendencias-para-o-futuro.html]
[www.lanlink.com.br/blog/service-desk-e-seguro.html]
[www.lanlink.com.br/cases/empresa-distribuidora-de-gas-natural.html]
[uploads-ssl.webflow.com/61a51a6fff9085700039fcd8/61b34af871ec3b17c12a3eca_1_fa__brica_aeris-14784351.jpg]
[www.lanlink.com.br/cases/aeris.html]
[uploads-ssl.webflow.com/61a51a6fff9085700039fcd8/61d872778f9425cb8ac2867c_demanda esperada.png]
[uploads-ssl.webflow.com/61a51a6fff9085700039fcd8/61d872c10b84b85da1059a2e_opex.png]
[uploads-ssl.webflow.com/61a51a6fff9085700039fcd8/61d87474f9ee929a96b86195_artigo.png]
[uploads-ssl.webflow.com/61a51a6fff9085700039fcd8/61d8758227b7304d9c65bc14_cdf.png]
[www.lanlink.com.br/blog/tomada-de-decisao-sob-incerteza-tambem-e-analytics-2.html]
[www.lanlink.com.br/blog/o-que-faz-um-escritorio-de-ciencia-de-dados.html]
[www.lanlink.com.br/blog/devops-coordenacao-e-colaboracao-para-gerar-produtos-melhores-e-entregar-mais-valor-ao-cliente.html]
[uploads-ssl.webflow.com/618d42f5e921288000cc555a/62acb0d4830015def0c526e1_icon1-compressed.jpg]
[www.lanlink.com.br/solucoes/infraestrutura/continuidade-dos-negocios.html]
[www.lanlink.com.br/solucoes/infraestrutura/datacenter-moderno.html]
[www.lanlink.com.br/solucoes/infraestrutura/hardware-como-servico.html]
[www.lanlink.com.br/solucoes/infraestrutura/infraestrutura-hibrida.html]
[uploads-ssl.webflow.com/61a51a6fff9085700039fcd8/631b542461e3bd77d4f7eb78_multinuvem-infraestrutura (13).jpg]
[uploads-ssl.webflow.com/61a51a6fff9085700039fcd8/63064e87fb10ef1434ea76fd_multinuvem-infraestrutura (11).jpg]
[www.lanlink.com.br/blog/multicloud-4-motivos-para-adotar-essa-estrategia.html]
[uploads-ssl.webflow.com/61a51a6fff9085700039fcd8/6356ed85a58f21621edaf742_cloud computing.png]
[uploads-ssl.webflow.com/61a51a6fff9085700039fcd8/6356ee7328e1a3af77549e9c_cloud e on premises.jpg]
[uploads-ssl.webflow.com/61a51a6fff9085700039fcd8/6356ef6531bcd80edfb32d86_vantagens da nuvem hibrida.jpg]
[www.lanlink.com.br/blog/cloud-ou-on-premises-defina-o-modelo-certo-para-o-seu-negocio.html]
[uploads-ssl.webflow.com/61a51a6fff9085700039fcd8/6356f224559d1cee49c19724_migracao para nuvem.png]
[www.lanlink.com.br/blog/defina-agora-a-sua-estrategia-de-migracoes-para-nuvem.html]
[uploads-ssl.webflow.com/61a51a6fff9085700039fcd8/61b3558b4d317a39cbb8c0d4_10.-FEDERAÇÃO-2006-800x445.jpg]
[www.lanlink.com.br/cases/unimed.html]
[uploads-ssl.webflow.com/61a51a6fff9085700039fcd8/61b289c05e6b7e0cd7b1d3c2_ca82b015-m-dias-branco-aeea9e57-5d93-434b-a919-cb5bcecb9d8d.jpg]
[uploads-ssl.webflow.com/61a51a6fff9085700039fcd8/61b287ba39cb144af665f178_Captura de Tela 2021-12-09 às 19.48.16.png]
[uploads-ssl.webflow.com/61a51a6fff9085700039fcd8/61b2888ea4f7649634083786_Captura de Tela 2021-12-09 às 19.50.23.png]
[uploads-ssl.webflow.com/61a51a6fff9085700039fcd8/61b288b9a531f9d1aced44bb_Captura de Tela 2021-12-09 às 19.50.54.png]
[uploads-ssl.webflow.com/61a51a6fff9085700039fcd8/61b288e0782b474b32ba7c8d_Captura de Tela 2021-12-09 às 19.51.16.png]
[uploads-ssl.webflow.com/61a51a6fff9085700039fcd8/61b288f09ab813e82f7e758c_Captura de Tela 2021-12-09 às 19.51.29.png]
[www.lanlink.com.br/cases/mdias-branco.html]
[www.lanlink.com.br/blog/produtividade-colaboracao-novo-milenio.html]
[www.lanlink.com.br/blog/os-beneficios-de-produtividade-na-nuvem.html]
[www.lanlink.com.br/blog/estrategia-bi-negocio.html]
[www.lanlink.com.br/blog/a-importancia-do-ciclo-de-vida-da-informacao-para-combate-de-ataques-de-ransomware.html]
[www.lanlink.com.br/blog/adequacao-a-lgpd-adote-alguns-recursos-praticos.html]
[uploads-ssl.webflow.com/61a51a6fff9085700039fcd8/620b82518748351264cc8b82_gdpr-compliance.png]
[www.lanlink.com.br/blog/internet-segura-privacidade.html]
[uploads-ssl.webflow.com/61a51a6fff9085700039fcd8/622b5fe2906c7a1f1d3ece05_ceramica-elizabeth-fachada_920.jpg]
[www.lanlink.com.br/cases/grupo-elizabeth.html]
[www.lanlink.com.br/cases/instituicao-financeira-do-nordeste.html]
[uploads-ssl.webflow.com/61a51a6fff9085700039fcd8/631233e4b4ff26790dc44195_banco do nordeste.jpg]
[www.lanlink.com.br/cases/banco-do-nordeste-do-brasil.html]
[www.lanlink.com.br/blog/minas-da-ti-os-desafios-e-a-ascensao-das-mulheres-no-mercado-da-tecnologia.html]
[www.lanlink.com.br/blog/pessoas-trans-no-mercado-da-tecnologia-uma-luta-por-inclusao.html]
[www.lanlink.com.br/blog/governanca-de-dados-novos-caminhos-para-elevar-as-organizacoes.html]
[www.lanlink.com.br/blog/4-coisas-que-provavelmente-voce-nao-sabe-sobre-o-backup-em-fita-magnetica.html]
[www.lanlink.com.br/blog/protecao-de-dados-2-opcoes-para-um-armazenamento-seguro-e-longe-do-alcance-de-hackers.html]
[www.lanlink.com.br/blog/a-inteligencia-artificial-tem-fome-de-cpu-e-gpu-como-resolver.html]
[www.lanlink.com.br/blog/conheca-o-processador-power10-que-esta-chegando-ao-mercado.html]
[www.lanlink.com.br/blog/a-inteligencia-artificial-tem-fome-de-cpu-e-gpu-como-resolver-2.html]
[www.lanlink.com.br/blog/arquitetura-power-systems-segura.html]
[www.lanlink.com.br/blog/servidor-para-ambiente-multicloud.html]
[www.lanlink.com.br/blog/gestao-de-custos-na-migracao-para-a-nuvem.html]
[www.lanlink.com.br/blog/backup-em-disco-nuvem-ou-fita.html]
[www.lanlink.com.br/blog/inovacoes-em-tape-storage.html]
[www.lanlink.com.br/blog/8-vantagens-que-colocam-as-fitas-entre-as-melhores-opcoes-de-armazenamento.html]
[www.lanlink.com.br/blog/as-fitas-de-armazenamento-estao-em-alta-como-peca-fundamental-na-estrategia-contra-hackers.html]
[www.lanlink.com.br/blog/data-analytics-vantagens.html]
[www.lanlink.com.br/blog/inteligencia-artificial-e-sua-aplicacao-nos-negocios.html]
[www.lanlink.com.br/blog/big-data-os-dados-para-transformar-o-seu-negocio.html]
[www.lanlink.com.br/blog/inovando-os-negocios-com-o-uso-de-smart-applications.html]
[www.lanlink.com.br/blog/hybrid-cloud-a-adocao-cresce-dia-apos-dia.html]
[www.lanlink.com.br/blog/4-tendencias-de-armazenamento-de-dados-para-2021.html]
[www.lanlink.com.br/blog/as-licoes-tiradas-de-um-ataque-de-hackers.html]
[www.lanlink.com.br/blog/automacao-no-varejo-e-na-seguranca-mais-negocios-menos-riscos.html]
[www.lanlink.com.br/blog/confira-3-casos-de-uso-da-visao-computacional-em-inspecao-de-qualidade.html]
[www.lanlink.com.br/blog/o-que-a-lanlink-pode-fazer-para-ajuda-lo-a-implantar-a-visao-computacional.html]
[www.lanlink.com.br/blog/como-a-visao-computacional-funciona.html]
[www.lanlink.com.br/blog/visao-computacional-coloque-o-olho-de-uma-camera-para-fazer-a-inspecao-de-qualidade.html]
[www.lanlink.com.br/blog/como-a-visao-computacional-pode-impactar-negocios.html]
[www.lanlink.com.br/blog/o-que-e-rpa-e-como-implementar-em-sua-empresa.html]
[www.lanlink.com.br/blog/futuro-deep-machine-learning.html]
[www.lanlink.com.br/blog/4-passos-jornada-digital-ia.html]
[www.lanlink.com.br/blog/solucoes-cognitivas-transformar-negocio.html]
[www.lanlink.com.br/blog/inovacao-certificacoes-iso.html]
[www.lanlink.com.br/blog/trofeu-hdi-nne-2018-vencemos.html]
[www.lanlink.com.br/blog/lanlink-gptw-2018.html]
[www.lanlink.com.br/blog/gestao-de-ativos-de-software.html]
[www.lanlink.com.br/blog/certificacao-gptw-2018.html]
[www.lanlink.com.br/blog/zero-day-3-ataques.html]
[www.lanlink.com.br/blog/mulheres-importantes-historia-tecnologia.html]
[www.lanlink.com.br/blog/tres-licoes-trabalho-moderno.html]
[www.lanlink.com.br/blog/compatibilidade-solucoes-importante.html]
[www.lanlink.com.br/blog/customer-success-empoderamento-do-cliente.html]
[www.lanlink.com.br/blog/conheca-mais-sobre-meltdown-e-spectre.html]
[www.lanlink.com.br/blog/cloudwedo-nuvem-negocio.html]
[www.lanlink.com.br/blog/comunicacao-empresa-produtividade.html]
[www.lanlink.com.br/blog/as-diferencas-entre-virtualizacao-e-nuvem-privada.html]
[www.lanlink.com.br/blog/nuvem-hibrida-jornada.html]
[www.lanlink.com.br/blog/redes-de-proxima-geracao-negocio.html]
[www.lanlink.com.br/blog/compliance-iso-19600.html]
[www.lanlink.com.br/blog/microsoft-linguagem-computacao-quantica.html]
[www.lanlink.com.br/blog/microsoft-azure-stack-nuvem.html]
[www.lanlink.com.br/blog/as-15-previsoes-de-bill-gates-de-1999.html]
[www.lanlink.com.br/blog/furacao-irma-tic-organizacao.html]
[www.lanlink.com.br/blog/eficiencia-negocio-solucoes-saas.html]
[www.lanlink.com.br/blog/tudo-sobre-paas.html]
[www.lanlink.com.br/blog/certificacao-gptw.html]
[uploads-ssl.webflow.com/61a51a6fff9085700039fcd8/620b82003969eb0373231700_softbank-pepper-bot.jpg]
[www.lanlink.com.br/blog/humanizam-robos-service-desk.html]
[www.lanlink.com.br/blog/gamificacao-como-funciona.html]
[www.lanlink.com.br/blog/4p-kotler-place-interacao-service-desk.html]
[www.lanlink.com.br/blog/espiritualidade-nas-organizacoes.html]
[www.lanlink.com.br/blog/tudo-engenharia-social.html]
[www.lanlink.com.br/blog/gestao-do-conhecimento-inovacao.html]
[uploads-ssl.webflow.com/61a51a6fff9085700039fcd8/620b81f5a72016266ea74e26_pishing.jpg]
[www.lanlink.com.br/blog/ransomware-praga-proteja-se-tarde.html]
[www.lanlink.com.br/blog/conferencia-hdi-brasil-2017-presenca.html]
[www.lanlink.com.br/blog/flashwedo-atendimento-rapido.html]
[www.lanlink.com.br/blog/lanlink-compliance.html]
[www.lanlink.com.br/blog/lanlink-great-place-to-work.html]
[www.lanlink.com.br/blog/trofeu-hdi-2017.html]
[www.lanlink.com.br/blog/inteligencia-artificial-transformacao-digital.html]
[www.lanlink.com.br/blog/smart-cities.html]
[www.lanlink.com.br/blog/grupo-lanlink-cio-meeting-2017.html]
[www.lanlink.com.br/blog/produtividade-na-nuvem.html]
[www.lanlink.com.br/blog/nuvem-certa-seu-negocio.html]
[www.lanlink.com.br/blog/o-que-e-nuvem-vantagens.html]
[www.lanlink.com.br/blog/lanlink-lanca-plataforma-para-facilitar-adocao-da-nuvem.html]
[www.lanlink.com.br/blog/nova-lei-da-terceirizacao-e-seus-impactos-para-empresas-de-tecnologia.html]
[www.lanlink.com.br/blog/lanlink-marcou-presenca-no-evento-anual-da-abep.html]
[www.lanlink.com.br/blog/trust-control-recebe-premio-de-maior-canal-de-vendas-no-brasil.html]
[www.lanlink.com.br/blog/servidores-da-amazon-caem-e-afetam-a-internet-no-mundo-inteiro.html]
[www.lanlink.com.br/blog/como-arquitetar-um-futuro-cognitivo-para-a-empresa.html]
[www.lanlink.com.br/blog/lanlink-cria-rede-social-corporativa-nos-para-conectar-todos-os-seus-colaboradores.html]
[www.lanlink.com.br/blog/ibm-divulga-5-tendencias-tecnologicas-que-irao-impactar-os-proximos-5-anos.html]
[www.lanlink.com.br/blog/lanlink-comemora-28-anos-celebrando-o-sucesso-com-todos-os-clientes-e-colaboradores.html]
[www.lanlink.com.br/blog/4p-kotler-place-interacao-service-desk/index.html]
[www.lanlink.com.br/lanlink.198.delayed]
[www.lanlink.com.br/lanlink/index.html]
[www.lanlink.com.br/blog/produtividade-na-nuvem/index.html]
[www.lanlink.com.br/blog/index8d71.html]
[www.lanlink.com.br/blogd322.html]
[www.lanlink.com.br/blog/ransomware-praga-proteja-se-tarde/index.html]
[www.lanlink.com.br/blog/inteligencia-artificial-transformacao-digital/index.html]
[www.lanlink.com.br/blog/a-importancia-do-ciclo-de-vida-da-informacao-para-combate-de-ataques-de-ransomware/index.html]
[www.lanlink.com.br/blog/4-passos-jornada-digital-ia/index.html]
[www.lanlink.com.br/blog/os-beneficios-de-produtividade-na-nuvem/index.html]
[www.lanlink.com.br/blog/o-que-e-rpa-e-como-implementar-em-sua-empresa/index.html]
[www.lanlink.com.br/blog/como-a-visao-computacional-pode-impactar-negocios/index.html]
[www.lanlink.com.br/blog/indexd1a4.html]
[www.lanlink.com.br/contato/index.html]
[www.lanlink.com.br/blog/gestao-do-conhecimento-inovacao/index.html]
[www.lanlink.com.br/blog/lanlink-gptw-2018/index.html]
[www.lanlink.com.br/blog/lanlink-compliance/index.html]
[www.lanlink.com.br/blog/comunicacao-empresa-produtividade/index.html]
[www.lanlink.com.br/blog/eficiencia-negocio-solucoes-saas/index.html]
[www.lanlink.com.br/blog/o-que-e-nuvem-vantagens/index.html]
[www.lanlink.com.br/blog/microsoft-azure-stack-nuvem/index.html]
[www.lanlink.com.br/blog/redes-de-proxima-geracao-negocio/index.html]
[www.lanlink.com.br/blog7d83.html]
[www.lanlink.com.br/microsoft.19b.delayed]
[www.lanlink.com.br/microsoft/index.html]
[www.lanlink.com.br/blog/tudo-sobre-paas/index.html]
[www.lanlink.com.br/inteligencia-artificial-transformacao-digital]
[www.lanlink.com.br/inteligencia-artificial-transformacao-digital/index.html]
[www.lanlink.com.br/flashwedo-atendimento-rapido]
[www.lanlink.com.br/flashwedo-atendimento-rapido/index.html]
[www.lanlink.com.br/trofeu-hdi-2017.19e.delayed]
[www.lanlink.com.br/trofeu-hdi-2017/index.html]
[www.lanlink.com.br/lanlink-lanca-plataforma-para-facilitar-adocao-da-nuvem]
[www.lanlink.com.br/lanlink-lanca-plataforma-para-facilitar-adocao-da-nuvem/index.html]
[www.lanlink.com.br/o-que-e-nuvem-vantagens.1a0.delayed]
[www.lanlink.com.br/o-que-e-nuvem-vantagens/index.html]
[www.lanlink.com.br/lanlink.html]
[www.lanlink.com.br/blogd322.html]
[www.lanlink.com.br/blog7d83.html]
[www.lanlink.com.br/microsoft.html]
[www.lanlink.com.br/inteligencia-artificial-transformacao-digital.html]
[www.lanlink.com.br/flashwedo-atendimento-rapido.html]
[www.lanlink.com.br/trofeu-hdi-2017.html]
[www.lanlink.com.br/lanlink-lanca-plataforma-para-facilitar-adocao-da-nuvem.html]
[www.lanlink.com.br/o-que-e-nuvem-vantagens.html]
